// Jest Snapshot v1, https://goo.gl/fbAQLP

exports[`HistoryRow triggers function on click 1`] = `
<div>
  <li
    class="styled__StyledHistoryRow-sc-1urwgm2-44 iiuXCP"
  >
    :clear
  </li>
</div>
`;
