// Jest Snapshot v1, https://goo.gl/fbAQLP

exports[`HistoryRow triggers function on click 1`] = `
<div>
  <li
    class="sc-gGCDDS bqrmXi"
  >
    :clear
  </li>
</div>
`;
