// Jest Snapshot v1, https://goo.gl/fbAQLP

exports[`Visualization renders 1`] = `<div />`;

exports[`Visualization renders with result and escapes any HTML 1`] = `
<div>
  <div
    class="VisualizationViewstyled__StyledVisContainer-dqhz7f-0 knbxot"
  >
    <div
      class="styled__StyledFullSizeContainer-q3i85g-30 eTDSzT one-legend-row"
      id="svg-vis"
    >
      <div
        class="styled__StyledLegend-q3i85g-23 eImvqp one-row"
      >
        <div
          class="styled__StyledLegendRow-q3i85g-22 bCzspR contracted"
        >
          <ul
            class="styled__StyledInlineList-q3i85g-9 styled__StyledLegendInlineList-q3i85g-24 kCMijz list-inline"
          >
            <li
              class="styled__StyledInlineListItem-q3i85g-10 styled__StyledLegendInlineListItem-q3i85g-25 hpwGes"
              data-testid="viz-legend-labels"
            >
              <ul
                class="styled__StyledLegendContents-q3i85g-21 ezIKdj contents"
              >
                <li
                  class="styled__StyledInlineListItem-q3i85g-10 styled__StyledToken-q3i85g-15 styled__StyledLabelToken-q3i85g-16 cqRwQj token token-label"
                  style="background-color: rgb(247, 151, 103); color: rgb(255, 255, 255);"
                >
                  *
                  <span
                    class="styled__StyledTokenCount-q3i85g-20 kqgOqO count"
                  >
                    (1)
                  </span>
                </li>
              </ul>
            </li>
            <li
              class="styled__StyledInlineListItem-q3i85g-10 styled__StyledLegendInlineListItem-q3i85g-25 hpwGes"
              data-testid="viz-legend-labels"
            >
              <ul
                class="styled__StyledLegendContents-q3i85g-21 ezIKdj contents"
              >
                <li
                  class="styled__StyledInlineListItem-q3i85g-10 styled__StyledToken-q3i85g-15 styled__StyledLabelToken-q3i85g-16 cqRwQj token token-label"
                  style="background-color: rgb(201, 144, 192); color: rgb(255, 255, 255);"
                >
                  Person
                  <span
                    class="styled__StyledTokenCount-q3i85g-20 kqgOqO count"
                  >
                    (1)
                  </span>
                </li>
              </ul>
            </li>
          </ul>
        </div>
      </div>
      <div
        class="styled__StyledSvgWrapper-q3i85g-0 iFMXcJ"
      >
        <svg
          class="neod3viz"
          viewBox="0 100 200 0"
        >
          <g
            transform="translate(0,0)"
          >
            <rect
              height="5000"
              style="fill: none; pointer-events: all;"
              transform="scale(1)"
              width="5000"
              x="-2500"
              y="-2500"
            />
            <g>
              <g
                class="layer relationships"
              />
              <g
                class="layer nodes"
              >
                <g
                  class="node"
                >
                  <circle
                    class="ring"
                    cx="0"
                    cy="0"
                    r="29"
                    stroke-width="8px"
                  />
                  <circle
                    class="outline"
                    cx="0"
                    cy="0"
                    fill="#C990C0"
                    r="25"
                    stroke="#b261a5"
                    stroke-width="2px"
                  />
                  <text
                    dy="1.5625"
                    fill="#FFFFFF"
                    font-family="streamline"
                    font-size="25"
                    pointer-events="none"
                    text-anchor="middle"
                  />
                  <text
                    fill="#FFFFFF"
                    font-size="10px"
                    pointer-events="none"
                    text-anchor="middle"
                    y="5"
                  >
                     &lt;b&gt;â€¦
                  </text>
                </g>
              </g>
            </g>
          </g>
        </svg>
      </div>
      <div
        class="styled__StyledStatusBar-q3i85g-12 iJTVCh status-bar"
      >
        <div
          class="styled__StyledStatus-q3i85g-13 gNzArQ status"
        >
          <div
            class="styled__StyledInspectorFooter-q3i85g-5 crZWfl contracted inspector-footer"
          >
            <ul
              class="styled__StyledInspectorFooterRow-q3i85g-6 gpxRVr inspector-footer-row"
              data-testid="vizInspector"
            >
              <ul
                class="styled__StyledInlineList-q3i85g-9 htPIJx list-inline"
              >
                <li
                  class="styled__StyledInlineListItem-q3i85g-10 styled__StyledInspectorFooterRowListPair-q3i85g-14 emRQXn pair"
                >
                  <div
                    class="styled__StyledInspectorFooterRowListValue-q3i85g-8 hUWGOp value"
                  >
                    Displaying 1 nodes, 0 relationships.
                  </div>
                </li>
              </ul>
            </ul>
          </div>
        </div>
      </div>
    </div>
  </div>
</div>
`;
